// Jest Snapshot v1, https://goo.gl/fbAQLP

exports[`Test <Samll /> should show success 1`] = `
<small>
  Hola
</small>
`;
