// Jest Snapshot v1, https://goo.gl/fbAQLP

exports[`Test <RefExample /> should show success 1`] = `
<div
  className="animate__animated animate__backInDown"
>
  <h1>
    Ref Example
  </h1>
  <hr />
  <button
    className="btn btn-primary mt-2"
    onClick={[Function]}
  >
    Show/Hide
  </button>
</div>
`;
